// Jest Snapshot v1, https://goo.gl/fbAQLP

exports[`Component Authorization Render Should render children 1`] = `
<Fragment>
  <div>
    Some Page
  </div>
</Fragment>
`;
