// Jest Snapshot v1, https://goo.gl/fbAQLP

exports[`Component Breadcrumb Render Without Props: Should match snapshot 1`] = `
<div
  className="breadcrumb__container"
>
  <ol />
</div>
`;
