// Jest Snapshot v1, https://goo.gl/fbAQLP

exports[`Component Link With url: Should match snapshot 1`] = `
<div>
  <div />
</div>
`;
