// Jest Snapshot v1, https://goo.gl/fbAQLP

exports[`Helper Titles resolver Get pap.production category object 1`] = `
Object {
  "indicators": undefined,
}
`;
