// Jest Snapshot v1, https://goo.gl/fbAQLP

exports[`Component Loader Render Should match snapshot 1`] = `
<div
  className="center-block"
>
  <WithStyles(CircularProgress) />
</div>
`;
